======================================================================
  VERIFICACIÓN DE LAS EXPECTATIVAS DECLARADAS EN LAS PRUEBAS UNITARIAS
======================================================================

  CalculadoraTarifasTest > CalculoTotal
    [ OK ] calculaTarifaBaseEnTemporadaNormal (3n, 2p, junio)      = 270000.00
    [ OK ] aplicaRecargoTemporadaAlta (3n, 2p, enero)              = 337500.00
    [ OK ] aplicaDescuentoEstadiaLarga (7n, 1p, junio)             = 283500.00
    [ OK ] combinaRecargoYDescuento (7n, 2p, enero)                = 708750.00

  CalculadoraTarifasTest > @CsvSource
    [ OK ] 1n, 1p, 2026-06-01                                      = 45000.00
    [ OK ] 2n, 3p, 2026-07-20                                      = 270000.00
    [ OK ] 5n, 2p, 2026-12-28                                      = 562500.00
    [ OK ] 10n, 1p, 2026-03-05                                     = 405000.00
    [ OK ] 7n, 8p, 2026-02-14                                      = 2835000.00

  CalculadoraTarifasTest > ValidacionParametros
    [ OK ] rechazaNochesNoPositivas (0)                            -> "noches"
    [ OK ] rechazaNochesNoPositivas (-1)                           -> "noches"
    [ OK ] rechazaCeroPersonas                                     -> "al menos una persona"
    [ OK ] rechazaExcesoDePersonas                                 -> "más de 8 personas"
    [ OK ] rechazaFechaNula                                        -> "fecha de inicio"

  CalculadoraTarifasTest > Temporada
    [ OK ] 2026-12-15 es temporada alta
    [ OK ] 2026-01-05 es temporada alta
    [ OK ] 2026-02-28 es temporada alta
    [ OK ] 2026-03-01 es temporada normal
    [ OK ] 2026-06-30 es temporada normal
    [ OK ] 2026-09-18 es temporada normal
    [ OK ] 2026-11-30 es temporada normal
    [ OK ] descuento NO aplica con 6 noches
    [ OK ] descuento SÍ aplica con 7 noches

  ServicioReservasTest
    [ OK ] creaReservaValida > tarifa                              = 270000.00
    [ OK ] creaReservaValida > estado CONFIRMADA
    [ OK ] creaReservaValida > id empieza con RES-
    [ OK ] persisteLaReserva > tarifa enero 7 noches               = 708750.00
    [ OK ] rechazaReservaDuplicada                                 -> "ya posee una reserva vigente"
    [ OK ] rechazaClienteVacio                                     -> "cliente es obligatorio"
    [ OK ] rechazaDestinoVacio                                     -> "destino es obligatorio"
    [ OK ] cancelaReservaExistente > estado CANCELADA
    [ OK ] cancelaReservaExistente > ya no está vigente
    [ OK ] fallaAlCancelarReservaInexistente                       -> "No existe la reserva"
    [ OK ] calculaIngresosSoloDeReservasVigentes                   = 180000.00
    [ OK ] listar devuelve las 3 reservas
    [ OK ] una de ellas está cancelada
    [ OK ] cancelar dos veces lanza IllegalStateException          -> "ya se encuentra cancelada"

======================================================================
  TODAS LAS EXPECTATIVAS SON CORRECTAS: 37/37
======================================================================
