============================================================================
  DEPLOYMENT PIPELINE - ESTRATEGIA CANARY RELEASE
  Versión candidata: 1.2.0
  Escalones de tráfico: 10 25 50 100 %
============================================================================

[2026-09-20T20:10:36Z] ==> PASO 1/5 - Identificando la versión estable en producción
[2026-09-20T20:10:36Z] Versión estable  : 1.0.0 (puerto 9081) - 100% del tráfico
[2026-09-20T20:10:36Z] Versión canary   : 1.2.0 (puerto 9084) - aún sin tráfico

[2026-09-20T20:10:36Z] ==> PASO 2/5 - Desplegando la instancia canary (peso 0%)
[2026-09-20T20:10:36Z] Instancia 'canary' iniciada | puerto=9084 version=1.2.0 color=canary pid=3078
[2026-09-20T20:10:37Z] [  OK  ] Health check de instancia canary superado en el intento 2 (puerto 9084)

[2026-09-20T20:10:37Z] ==> PASO 3/5 - Smoke tests sobre la instancia canary
----------------------------------------------------------------------
  SMOKE TESTS sobre http://localhost:9084
----------------------------------------------------------------------
  [ OK ] El health check reporta la instancia como disponible
  [ OK ] El portal web responde con código 200
  [ OK ] La API de reservas responde con código 200
  [ OK ] Se puede crear una reserva (flujo crítico)
  [ OK ] La tarifa se calcula según la regla vigente
  [ OK ] Los datos inválidos son rechazados con código 400
----------------------------------------------------------------------
  SMOKE TESTS SUPERADOS: 6/6 verificaciones correctas
----------------------------------------------------------------------

[2026-09-20T20:10:37Z] ==> PASO 4/5 - Incrementando el tráfico de forma progresiva

[2026-09-20T20:10:37Z] --- Escalón: dirigiendo el 10% del tráfico al canary ---
[2026-09-20T20:10:37Z] Enrutamiento actualizado | primario=9081 canary=9084 peso=10%
[2026-09-20T20:10:41Z] Distribución medida sobre 200 peticiones: primario=180 canary=20 (10% al canary)
[2026-09-20T20:10:41Z]   verificación 1/3: canary sano con 10% del tráfico
[2026-09-20T20:10:42Z]   verificación 2/3: canary sano con 10% del tráfico
[2026-09-20T20:10:43Z]   verificación 3/3: canary sano con 10% del tráfico
[2026-09-20T20:10:44Z] [  OK  ] Escalón del 10% superado sin anomalías

[2026-09-20T20:10:44Z] --- Escalón: dirigiendo el 25% del tráfico al canary ---
[2026-09-20T20:10:44Z] Enrutamiento actualizado | primario=9081 canary=9084 peso=25%
[2026-09-20T20:10:48Z] Distribución medida sobre 200 peticiones: primario=147 canary=53 (26% al canary)
[2026-09-20T20:10:48Z]   verificación 1/3: canary sano con 25% del tráfico
[2026-09-20T20:10:49Z]   verificación 2/3: canary sano con 25% del tráfico
[2026-09-20T20:10:51Z]   verificación 3/3: canary sano con 25% del tráfico
[2026-09-20T20:10:52Z] [  OK  ] Escalón del 25% superado sin anomalías

[2026-09-20T20:10:52Z] --- Escalón: dirigiendo el 50% del tráfico al canary ---
[2026-09-20T20:10:52Z] Enrutamiento actualizado | primario=9081 canary=9084 peso=50%
[2026-09-20T20:10:55Z] Distribución medida sobre 200 peticiones: primario=100 canary=100 (50% al canary)
[2026-09-20T20:10:55Z]   verificación 1/3: canary sano con 50% del tráfico
[2026-09-20T20:10:56Z]   verificación 2/3: canary sano con 50% del tráfico
[2026-09-20T20:10:57Z]   verificación 3/3: canary sano con 50% del tráfico
[2026-09-20T20:10:58Z] [  OK  ] Escalón del 50% superado sin anomalías

[2026-09-20T20:10:58Z] --- Escalón: dirigiendo el 100% del tráfico al canary ---
[2026-09-20T20:10:58Z] Enrutamiento actualizado | primario=9081 canary=9084 peso=100%
[2026-09-20T20:11:02Z] Distribución medida sobre 200 peticiones: primario=0 canary=200 (100% al canary)
[2026-09-20T20:11:02Z]   verificación 1/3: canary sano con 100% del tráfico
[2026-09-20T20:11:03Z]   verificación 2/3: canary sano con 100% del tráfico
[2026-09-20T20:11:04Z]   verificación 3/3: canary sano con 100% del tráfico
[2026-09-20T20:11:05Z] [  OK  ] Escalón del 100% superado sin anomalías

[2026-09-20T20:11:05Z] ==> PASO 5/5 - Promoviendo el canary a versión estable
[2026-09-20T20:11:05Z] Enrutamiento actualizado | primario=9084 canary=0 peso=0%
[2026-09-20T20:11:06Z] El balanceador responde: {"version":"1.2.0","color":"canary"}
[2026-09-20T20:11:06Z] [  OK  ] Promoción confirmada: 1.2.0 es ahora la versión estable

============================================================================
  RESULTADO: DESPLIEGUE CANARY EXITOSO
  Versión promovida : 1.2.0
  Versión anterior  : 1.0.0 (disponible para rollback)
  Escalones         : 10 25 50 100 % completados sin anomalías
============================================================================
